<?xml version="1.0" encoding="UTF-8"?>
<TestRun id="3d986bde-6863-410c-92b9-f296d674f6c9" name="ronin@BABE 2013-04-19 23:50:00" runUser="babe\ronin" xmlns="http://microsoft.com/schemas/VisualStudio/TeamTest/2010">
  <TestSettings name="Local" id="5d16aac3-67ec-41b6-92db-6bb319f180c8">
    <Description>These are default test settings for a local test run.</Description>
    <Deployment userDeploymentRoot="C:\projects\ExpressionMapper\TestResults" useDefaultDeploymentRoot="false" enabled="false" runDeploymentRoot="ronin_BABE 2013-04-19 23_50_00">
      <DeploymentItem filename="C:\projects\ExpressionMapper\ExpressionMapper\bin\Release\ExpressionMapper.dll" />
    </Deployment>
    <Execution>
      <TestTypeSpecific />
      <AgentRule name="Execution Agents">
      </AgentRule>
    </Execution>
  </TestSettings>
  <Times creation="2013-04-19T23:50:00.1381811-07:00" queuing="2013-04-19T23:50:00.2821893-07:00" start="2013-04-19T23:50:00.3071908-07:00" finish="2013-04-19T23:50:00.7782177-07:00" />
  <ResultSummary outcome="Completed">
    <Counters total="6" executed="6" passed="6" error="0" failed="0" timeout="0" aborted="0" inconclusive="0" passedButRunAborted="0" notRunnable="0" notExecuted="0" disconnected="0" warning="0" completed="0" inProgress="0" pending="0" />
  </ResultSummary>
  <TestDefinitions>
    <UnitTest name="MapperFactory_Create_Mapper_From_Null_Throws_NullRefException" storage="c:\projects\expressionmapper\expressionmapper.tests\bin\release\expressionmapper.tests.dll" id="c8f05b8b-ce7b-9522-c76e-8622b97922f7">
      <Execution id="fde48eeb-6301-40a6-8ff6-223896b38912" />
      <TestMethod codeBase="C:/projects/ExpressionMapper/ExpressionMapper.Tests/bin/Release/ExpressionMapper.Tests.DLL" adapterTypeName="Microsoft.VisualStudio.TestTools.TestTypes.Unit.UnitTestAdapter, Microsoft.VisualStudio.QualityTools.Tips.UnitTest.Adapter, Version=10.0.0.0, Culture=neutral, PublicKeyToken=b03f5f7f11d50a3a" className="ExpressionMapperTests.Tests, ExpressionMapper.Tests, Version=1.0.0.0, Culture=neutral, PublicKeyToken=null" name="MapperFactory_Create_Mapper_From_Null_Throws_NullRefException" />
    </UnitTest>
    <UnitTest name="MapperFactory_Map_Null_From_Throws_NullRefException" storage="c:\projects\expressionmapper\expressionmapper.tests\bin\release\expressionmapper.tests.dll" id="2e436c5e-2e41-9eeb-a19b-4d910067dbd1">
      <Execution id="aefe54b5-da47-42be-8732-4f12b95c018b" />
      <TestMethod codeBase="C:/projects/ExpressionMapper/ExpressionMapper.Tests/bin/Release/ExpressionMapper.Tests.DLL" adapterTypeName="Microsoft.VisualStudio.TestTools.TestTypes.Unit.UnitTestAdapter, Microsoft.VisualStudio.QualityTools.Tips.UnitTest.Adapter, Version=10.0.0.0, Culture=neutral, PublicKeyToken=b03f5f7f11d50a3a" className="ExpressionMapperTests.Tests, ExpressionMapper.Tests, Version=1.0.0.0, Culture=neutral, PublicKeyToken=null" name="MapperFactory_Map_Null_From_Throws_NullRefException" />
    </UnitTest>
    <UnitTest name="MapperFactory_Map_DTO_To_Model" storage="c:\projects\expressionmapper\expressionmapper.tests\bin\release\expressionmapper.tests.dll" id="01fb9908-4995-2ad3-6472-f8b327e64cbf">
      <Execution id="c26d0bc6-2f86-4577-9e80-0613ab515565" />
      <TestMethod codeBase="C:/projects/ExpressionMapper/ExpressionMapper.Tests/bin/Release/ExpressionMapper.Tests.DLL" adapterTypeName="Microsoft.VisualStudio.TestTools.TestTypes.Unit.UnitTestAdapter, Microsoft.VisualStudio.QualityTools.Tips.UnitTest.Adapter, Version=10.0.0.0, Culture=neutral, PublicKeyToken=b03f5f7f11d50a3a" className="ExpressionMapperTests.Tests, ExpressionMapper.Tests, Version=1.0.0.0, Culture=neutral, PublicKeyToken=null" name="MapperFactory_Map_DTO_To_Model" />
    </UnitTest>
    <UnitTest name="MapperFactory_Map_Null_To" storage="c:\projects\expressionmapper\expressionmapper.tests\bin\release\expressionmapper.tests.dll" id="8cc68c6e-175b-ede1-5390-d1d47509d751">
      <Execution id="9a4d8b62-9431-4009-b9a2-30770781596f" />
      <TestMethod codeBase="C:/projects/ExpressionMapper/ExpressionMapper.Tests/bin/Release/ExpressionMapper.Tests.DLL" adapterTypeName="Microsoft.VisualStudio.TestTools.TestTypes.Unit.UnitTestAdapter, Microsoft.VisualStudio.QualityTools.Tips.UnitTest.Adapter, Version=10.0.0.0, Culture=neutral, PublicKeyToken=b03f5f7f11d50a3a" className="ExpressionMapperTests.Tests, ExpressionMapper.Tests, Version=1.0.0.0, Culture=neutral, PublicKeyToken=null" name="MapperFactory_Map_Null_To" />
    </UnitTest>
    <UnitTest name="MapperFactory_Create_Mapper_From_Not_Null" storage="c:\projects\expressionmapper\expressionmapper.tests\bin\release\expressionmapper.tests.dll" id="2bdba41f-987f-fe21-c485-7c137f61feaa">
      <Execution id="5b6c2e6a-f5c7-49bf-921e-18d3a4b47b0d" />
      <TestMethod codeBase="C:/projects/ExpressionMapper/ExpressionMapper.Tests/bin/Release/ExpressionMapper.Tests.DLL" adapterTypeName="Microsoft.VisualStudio.TestTools.TestTypes.Unit.UnitTestAdapter, Microsoft.VisualStudio.QualityTools.Tips.UnitTest.Adapter, Version=10.0.0.0, Culture=neutral, PublicKeyToken=b03f5f7f11d50a3a" className="ExpressionMapperTests.Tests, ExpressionMapper.Tests, Version=1.0.0.0, Culture=neutral, PublicKeyToken=null" name="MapperFactory_Create_Mapper_From_Not_Null" />
    </UnitTest>
    <UnitTest name="MapperFactory_Map_Model_To_DTO" storage="c:\projects\expressionmapper\expressionmapper.tests\bin\release\expressionmapper.tests.dll" id="bbd5a1ab-18b8-a569-6cb2-df3e22cea195">
      <Execution id="4a89ce52-8fff-4801-bec3-2c7583a5b3f4" />
      <TestMethod codeBase="C:/projects/ExpressionMapper/ExpressionMapper.Tests/bin/Release/ExpressionMapper.Tests.DLL" adapterTypeName="Microsoft.VisualStudio.TestTools.TestTypes.Unit.UnitTestAdapter, Microsoft.VisualStudio.QualityTools.Tips.UnitTest.Adapter, Version=10.0.0.0, Culture=neutral, PublicKeyToken=b03f5f7f11d50a3a" className="ExpressionMapperTests.Tests, ExpressionMapper.Tests, Version=1.0.0.0, Culture=neutral, PublicKeyToken=null" name="MapperFactory_Map_Model_To_DTO" />
    </UnitTest>
  </TestDefinitions>
  <TestLists>
    <TestList name="Results Not in a List" id="8c84fa94-04c1-424b-9868-57a2d4851a1d" />
    <TestList name="All Loaded Results" id="19431567-8539-422a-85d7-44ee4e166bda" />
  </TestLists>
  <TestEntries>
    <TestEntry testId="8cc68c6e-175b-ede1-5390-d1d47509d751" executionId="9a4d8b62-9431-4009-b9a2-30770781596f" testListId="8c84fa94-04c1-424b-9868-57a2d4851a1d" />
    <TestEntry testId="2e436c5e-2e41-9eeb-a19b-4d910067dbd1" executionId="aefe54b5-da47-42be-8732-4f12b95c018b" testListId="8c84fa94-04c1-424b-9868-57a2d4851a1d" />
    <TestEntry testId="bbd5a1ab-18b8-a569-6cb2-df3e22cea195" executionId="4a89ce52-8fff-4801-bec3-2c7583a5b3f4" testListId="8c84fa94-04c1-424b-9868-57a2d4851a1d" />
    <TestEntry testId="01fb9908-4995-2ad3-6472-f8b327e64cbf" executionId="c26d0bc6-2f86-4577-9e80-0613ab515565" testListId="8c84fa94-04c1-424b-9868-57a2d4851a1d" />
    <TestEntry testId="c8f05b8b-ce7b-9522-c76e-8622b97922f7" executionId="fde48eeb-6301-40a6-8ff6-223896b38912" testListId="8c84fa94-04c1-424b-9868-57a2d4851a1d" />
    <TestEntry testId="2bdba41f-987f-fe21-c485-7c137f61feaa" executionId="5b6c2e6a-f5c7-49bf-921e-18d3a4b47b0d" testListId="8c84fa94-04c1-424b-9868-57a2d4851a1d" />
  </TestEntries>
  <Results>
    <UnitTestResult executionId="9a4d8b62-9431-4009-b9a2-30770781596f" testId="8cc68c6e-175b-ede1-5390-d1d47509d751" testName="MapperFactory_Map_Null_To" computerName="BABE" duration="00:00:00.1633983" startTime="2013-04-19T23:50:00.3141912-07:00" endTime="2013-04-19T23:50:00.6892126-07:00" testType="13cdc9d9-ddb5-4fa4-a97d-d965ccfc6d4b" outcome="Passed" testListId="8c84fa94-04c1-424b-9868-57a2d4851a1d" relativeResultsDirectory="9a4d8b62-9431-4009-b9a2-30770781596f">
    </UnitTestResult>
    <UnitTestResult executionId="aefe54b5-da47-42be-8732-4f12b95c018b" testId="2e436c5e-2e41-9eeb-a19b-4d910067dbd1" testName="MapperFactory_Map_Null_From_Throws_NullRefException" computerName="BABE" duration="00:00:00.0030314" startTime="2013-04-19T23:50:00.6902127-07:00" endTime="2013-04-19T23:50:00.6952130-07:00" testType="13cdc9d9-ddb5-4fa4-a97d-d965ccfc6d4b" outcome="Passed" testListId="8c84fa94-04c1-424b-9868-57a2d4851a1d" relativeResultsDirectory="aefe54b5-da47-42be-8732-4f12b95c018b">
    </UnitTestResult>
    <UnitTestResult executionId="4a89ce52-8fff-4801-bec3-2c7583a5b3f4" testId="bbd5a1ab-18b8-a569-6cb2-df3e22cea195" testName="MapperFactory_Map_Model_To_DTO" computerName="BABE" duration="00:00:00.0123244" startTime="2013-04-19T23:50:00.6962130-07:00" endTime="2013-04-19T23:50:00.7102138-07:00" testType="13cdc9d9-ddb5-4fa4-a97d-d965ccfc6d4b" outcome="Passed" testListId="8c84fa94-04c1-424b-9868-57a2d4851a1d" relativeResultsDirectory="4a89ce52-8fff-4801-bec3-2c7583a5b3f4">
    </UnitTestResult>
    <UnitTestResult executionId="c26d0bc6-2f86-4577-9e80-0613ab515565" testId="01fb9908-4995-2ad3-6472-f8b327e64cbf" testName="MapperFactory_Map_DTO_To_Model" computerName="BABE" duration="00:00:00.0099511" startTime="2013-04-19T23:50:00.7102138-07:00" endTime="2013-04-19T23:50:00.7222145-07:00" testType="13cdc9d9-ddb5-4fa4-a97d-d965ccfc6d4b" outcome="Passed" testListId="8c84fa94-04c1-424b-9868-57a2d4851a1d" relativeResultsDirectory="c26d0bc6-2f86-4577-9e80-0613ab515565">
    </UnitTestResult>
    <UnitTestResult executionId="fde48eeb-6301-40a6-8ff6-223896b38912" testId="c8f05b8b-ce7b-9522-c76e-8622b97922f7" testName="MapperFactory_Create_Mapper_From_Null_Throws_NullRefException" computerName="BABE" duration="00:00:00.0045287" startTime="2013-04-19T23:50:00.7232146-07:00" endTime="2013-04-19T23:50:00.7292149-07:00" testType="13cdc9d9-ddb5-4fa4-a97d-d965ccfc6d4b" outcome="Passed" testListId="8c84fa94-04c1-424b-9868-57a2d4851a1d" relativeResultsDirectory="fde48eeb-6301-40a6-8ff6-223896b38912">
    </UnitTestResult>
    <UnitTestResult executionId="5b6c2e6a-f5c7-49bf-921e-18d3a4b47b0d" testId="2bdba41f-987f-fe21-c485-7c137f61feaa" testName="MapperFactory_Create_Mapper_From_Not_Null" computerName="BABE" duration="00:00:00.0029187" startTime="2013-04-19T23:50:00.7302150-07:00" endTime="2013-04-19T23:50:00.7352152-07:00" testType="13cdc9d9-ddb5-4fa4-a97d-d965ccfc6d4b" outcome="Passed" testListId="8c84fa94-04c1-424b-9868-57a2d4851a1d" relativeResultsDirectory="5b6c2e6a-f5c7-49bf-921e-18d3a4b47b0d">
    </UnitTestResult>
  </Results>
</TestRun>